[0.456s] DEBUG:colcon:Command line arguments: ['/usr/bin/colcon', 'build']
[0.456s] DEBUG:colcon:Parsed command line arguments: Namespace(log_base=None, log_level=None, verb_name='build', build_base='build', install_base='install', merge_install=False, symlink_install=False, test_result_base=None, continue_on_error=False, executor='parallel', parallel_workers=4, event_handlers=None, ignore_user_meta=False, metas=['./colcon.meta'], base_paths=['.'], packages_ignore=None, packages_ignore_regex=None, paths=None, packages_up_to=None, packages_up_to_regex=None, packages_above=None, packages_above_and_dependencies=None, packages_above_depth=None, packages_select_by_dep=None, packages_skip_by_dep=None, packages_skip_up_to=None, packages_select_build_failed=False, packages_skip_build_finished=False, packages_select_test_failures=False, packages_skip_test_passed=False, packages_select=None, packages_skip=None, packages_select_regex=None, packages_skip_regex=None, packages_start=None, packages_end=None, cmake_args=None, cmake_target=None, cmake_target_skip_unavailable=False, cmake_clean_cache=False, cmake_clean_first=False, cmake_force_configure=False, ament_cmake_args=None, catkin_cmake_args=None, catkin_skip_building_tests=False, mixin_files=None, mixin=None, verb_parser=<colcon_mixin.mixin.mixin_argument.MixinArgumentDecorator object at 0x7fb7ba1e40>, verb_extension=<colcon_core.verb.build.BuildVerb object at 0x7fb7ba1510>, main=<bound method BuildVerb.main of <colcon_core.verb.build.BuildVerb object at 0x7fb7ba1510>>, mixin_verb=('build',))
[0.911s] Level 1:colcon.colcon_core.package_discovery:discover_packages(colcon_meta) check parameters
[0.914s] INFO:colcon.colcon_metadata.package_discovery.colcon_meta:Using configuration from '/root/.colcon/metadata/default/Gazebo.meta'
[0.916s] INFO:colcon.colcon_metadata.package_discovery.colcon_meta:Using configuration from '/root/.colcon/metadata/default/fastdds.meta'
[0.918s] INFO:colcon.colcon_metadata.package_discovery.colcon_meta:Using configuration from '/root/.colcon/metadata/default/fastrtps.meta'
[0.918s] Level 1:colcon.colcon_core.package_discovery:discover_packages(recursive) check parameters
[0.919s] Level 1:colcon.colcon_core.package_discovery:discover_packages(ignore) check parameters
[0.919s] Level 1:colcon.colcon_core.package_discovery:discover_packages(path) check parameters
[0.919s] Level 1:colcon.colcon_core.package_discovery:discover_packages(colcon_meta) discover
[0.919s] Level 1:colcon.colcon_core.package_discovery:discover_packages(recursive) discover
[0.919s] INFO:colcon.colcon_core.package_discovery:Crawling recursively for packages in '/ros2_ws/uros_ws'
[0.919s] Level 1:colcon.colcon_core.package_identification:_identify(.) by extensions ['ignore', 'ignore_ament_install']
[0.920s] Level 1:colcon.colcon_core.package_identification:_identify(.) by extension 'ignore'
[0.920s] Level 1:colcon.colcon_core.package_identification:_identify(.) by extension 'ignore_ament_install'
[0.920s] Level 1:colcon.colcon_core.package_identification:_identify(.) by extensions ['colcon_pkg']
[0.920s] Level 1:colcon.colcon_core.package_identification:_identify(.) by extension 'colcon_pkg'
[0.921s] Level 1:colcon.colcon_core.package_identification:_identify(.) by extensions ['colcon_meta']
[0.921s] Level 1:colcon.colcon_core.package_identification:_identify(.) by extension 'colcon_meta'
[0.921s] Level 1:colcon.colcon_core.package_identification:_identify(.) by extensions ['ros']
[0.921s] Level 1:colcon.colcon_core.package_identification:_identify(.) by extension 'ros'
[0.965s] Level 1:colcon.colcon_core.package_identification:_identify(.) by extensions ['cmake', 'python']
[0.966s] Level 1:colcon.colcon_core.package_identification:_identify(.) by extension 'cmake'
[0.966s] Level 1:colcon.colcon_core.package_identification:_identify(.) by extension 'python'
[0.966s] Level 1:colcon.colcon_core.package_identification:_identify(.) by extensions ['python_setup_py']
[0.966s] Level 1:colcon.colcon_core.package_identification:_identify(.) by extension 'python_setup_py'
[0.967s] Level 1:colcon.colcon_core.package_identification:_identify(build) by extensions ['ignore', 'ignore_ament_install']
[0.967s] Level 1:colcon.colcon_core.package_identification:_identify(build) by extension 'ignore'
[0.967s] Level 1:colcon.colcon_core.package_identification:_identify(build) ignored
[0.968s] Level 1:colcon.colcon_core.package_identification:_identify(install) by extensions ['ignore', 'ignore_ament_install']
[0.968s] Level 1:colcon.colcon_core.package_identification:_identify(install) by extension 'ignore'
[0.968s] Level 1:colcon.colcon_core.package_identification:_identify(install) ignored
[0.968s] Level 1:colcon.colcon_core.package_identification:_identify(log) by extensions ['ignore', 'ignore_ament_install']
[0.969s] Level 1:colcon.colcon_core.package_identification:_identify(log) by extension 'ignore'
[0.969s] Level 1:colcon.colcon_core.package_identification:_identify(log) ignored
[0.969s] Level 1:colcon.colcon_core.package_identification:_identify(src) by extensions ['ignore', 'ignore_ament_install']
[0.969s] Level 1:colcon.colcon_core.package_identification:_identify(src) by extension 'ignore'
[0.969s] Level 1:colcon.colcon_core.package_identification:_identify(src) by extension 'ignore_ament_install'
[0.970s] Level 1:colcon.colcon_core.package_identification:_identify(src) by extensions ['colcon_pkg']
[0.970s] Level 1:colcon.colcon_core.package_identification:_identify(src) by extension 'colcon_pkg'
[0.970s] Level 1:colcon.colcon_core.package_identification:_identify(src) by extensions ['colcon_meta']
[0.970s] Level 1:colcon.colcon_core.package_identification:_identify(src) by extension 'colcon_meta'
[0.970s] Level 1:colcon.colcon_core.package_identification:_identify(src) by extensions ['ros']
[0.970s] Level 1:colcon.colcon_core.package_identification:_identify(src) by extension 'ros'
[0.971s] Level 1:colcon.colcon_core.package_identification:_identify(src) by extensions ['cmake', 'python']
[0.971s] Level 1:colcon.colcon_core.package_identification:_identify(src) by extension 'cmake'
[0.971s] Level 1:colcon.colcon_core.package_identification:_identify(src) by extension 'python'
[0.971s] Level 1:colcon.colcon_core.package_identification:_identify(src) by extensions ['python_setup_py']
[0.971s] Level 1:colcon.colcon_core.package_identification:_identify(src) by extension 'python_setup_py'
[0.972s] Level 1:colcon.colcon_core.package_identification:_identify(src/micro_ros_setup) by extensions ['ignore', 'ignore_ament_install']
[0.972s] Level 1:colcon.colcon_core.package_identification:_identify(src/micro_ros_setup) by extension 'ignore'
[0.972s] Level 1:colcon.colcon_core.package_identification:_identify(src/micro_ros_setup) by extension 'ignore_ament_install'
[0.972s] Level 1:colcon.colcon_core.package_identification:_identify(src/micro_ros_setup) by extensions ['colcon_pkg']
[0.972s] Level 1:colcon.colcon_core.package_identification:_identify(src/micro_ros_setup) by extension 'colcon_pkg'
[0.973s] Level 1:colcon.colcon_core.package_identification:_identify(src/micro_ros_setup) by extensions ['colcon_meta']
[0.973s] Level 1:colcon.colcon_core.package_identification:_identify(src/micro_ros_setup) by extension 'colcon_meta'
[0.973s] Level 1:colcon.colcon_core.package_identification:_identify(src/micro_ros_setup) by extensions ['ros']
[0.973s] Level 1:colcon.colcon_core.package_identification:_identify(src/micro_ros_setup) by extension 'ros'
[0.983s] DEBUG:colcon.colcon_core.package_identification:Package 'src/micro_ros_setup' with type 'ros.ament_cmake' and name 'micro_ros_setup'
[0.984s] Level 1:colcon.colcon_core.package_discovery:discover_packages(recursive) using defaults
[0.984s] Level 1:colcon.colcon_core.package_discovery:discover_packages(ignore) discover
[0.984s] Level 1:colcon.colcon_core.package_discovery:discover_packages(ignore) using defaults
[0.984s] Level 1:colcon.colcon_core.package_discovery:discover_packages(path) discover
[0.984s] Level 1:colcon.colcon_core.package_discovery:discover_packages(path) using defaults
[1.063s] Level 5:colcon.colcon_core.verb:set package 'micro_ros_setup' build argument 'cmake_args' from command line to 'None'
[1.063s] Level 5:colcon.colcon_core.verb:set package 'micro_ros_setup' build argument 'cmake_target' from command line to 'None'
[1.063s] Level 5:colcon.colcon_core.verb:set package 'micro_ros_setup' build argument 'cmake_target_skip_unavailable' from command line to 'False'
[1.063s] Level 5:colcon.colcon_core.verb:set package 'micro_ros_setup' build argument 'cmake_clean_cache' from command line to 'False'
[1.064s] Level 5:colcon.colcon_core.verb:set package 'micro_ros_setup' build argument 'cmake_clean_first' from command line to 'False'
[1.064s] Level 5:colcon.colcon_core.verb:set package 'micro_ros_setup' build argument 'cmake_force_configure' from command line to 'False'
[1.064s] Level 5:colcon.colcon_core.verb:set package 'micro_ros_setup' build argument 'ament_cmake_args' from command line to 'None'
[1.064s] Level 5:colcon.colcon_core.verb:set package 'micro_ros_setup' build argument 'catkin_cmake_args' from command line to 'None'
[1.064s] Level 5:colcon.colcon_core.verb:set package 'micro_ros_setup' build argument 'catkin_skip_building_tests' from command line to 'False'
[1.064s] DEBUG:colcon.colcon_core.verb:Building package 'micro_ros_setup' with the following arguments: {'ament_cmake_args': None, 'build_base': '/ros2_ws/uros_ws/build/micro_ros_setup', 'catkin_cmake_args': None, 'catkin_skip_building_tests': False, 'cmake_args': None, 'cmake_clean_cache': False, 'cmake_clean_first': False, 'cmake_force_configure': False, 'cmake_target': None, 'cmake_target_skip_unavailable': False, 'install_base': '/ros2_ws/uros_ws/install/micro_ros_setup', 'merge_install': False, 'path': '/ros2_ws/uros_ws/src/micro_ros_setup', 'symlink_install': False, 'test_result_base': None}
[1.065s] INFO:colcon.colcon_core.executor:Executing jobs using 'parallel' executor
[1.068s] DEBUG:colcon.colcon_parallel_executor.executor.parallel:run_until_complete
[1.069s] INFO:colcon.colcon_ros.task.ament_cmake.build:Building ROS package in '/ros2_ws/uros_ws/src/micro_ros_setup' with build type 'ament_cmake'
[1.070s] INFO:colcon.colcon_cmake.task.cmake.build:Building CMake package in '/ros2_ws/uros_ws/src/micro_ros_setup'
[1.079s] INFO:colcon.colcon_core.plugin_system:Skipping extension 'colcon_core.shell.bat': Not used on non-Windows systems
[1.079s] INFO:colcon.colcon_core.shell:Skip shell extension 'powershell' for command environment: Not usable outside of PowerShell
[1.080s] DEBUG:colcon.colcon_core.shell:Skip shell extension 'dsv' for command environment
[1.083s] WARNING:colcon.colcon_core.prefix_path.colcon:The path '/ros2_ws/install' in the environment variable COLCON_PREFIX_PATH doesn't exist
[1.084s] WARNING:colcon.colcon_ros.prefix_path.ament:The path '/ros2_ws/uros_ws/install/micro_ros_setup' in the environment variable AMENT_PREFIX_PATH doesn't exist
[1.084s] WARNING:colcon.colcon_ros.prefix_path.ament:The path '/ros2_ws/install/micro_ros_setup' in the environment variable AMENT_PREFIX_PATH doesn't exist
[1.084s] WARNING:colcon.colcon_ros.prefix_path.catkin:The path '/ros2_ws/uros_ws/install/micro_ros_setup' in the environment variable CMAKE_PREFIX_PATH doesn't exist
[1.085s] WARNING:colcon.colcon_ros.prefix_path.catkin:The path '/ros2_ws/install/micro_ros_setup' in the environment variable CMAKE_PREFIX_PATH doesn't exist
[1.108s] DEBUG:colcon.colcon_core.event_handler.log_command:Invoking command in '/ros2_ws/uros_ws/build/micro_ros_setup': CMAKE_PREFIX_PATH=${CMAKE_PREFIX_PATH}:/opt/ros/humble /usr/bin/cmake /ros2_ws/uros_ws/src/micro_ros_setup -DCMAKE_INSTALL_PREFIX=/ros2_ws/uros_ws/install/micro_ros_setup
[3.189s] DEBUG:colcon.colcon_core.event_handler.log_command:Invoked command in '/ros2_ws/uros_ws/build/micro_ros_setup' returned '0': CMAKE_PREFIX_PATH=${CMAKE_PREFIX_PATH}:/opt/ros/humble /usr/bin/cmake /ros2_ws/uros_ws/src/micro_ros_setup -DCMAKE_INSTALL_PREFIX=/ros2_ws/uros_ws/install/micro_ros_setup
[3.195s] DEBUG:colcon.colcon_core.event_handler.log_command:Invoking command in '/ros2_ws/uros_ws/build/micro_ros_setup': CMAKE_PREFIX_PATH=${CMAKE_PREFIX_PATH}:/opt/ros/humble /usr/bin/cmake --build /ros2_ws/uros_ws/build/micro_ros_setup -- -j4 -l4
[3.301s] DEBUG:colcon.colcon_core.event_handler.log_command:Invoked command in '/ros2_ws/uros_ws/build/micro_ros_setup' returned '0': CMAKE_PREFIX_PATH=${CMAKE_PREFIX_PATH}:/opt/ros/humble /usr/bin/cmake --build /ros2_ws/uros_ws/build/micro_ros_setup -- -j4 -l4
[3.330s] DEBUG:colcon.colcon_core.event_handler.log_command:Invoking command in '/ros2_ws/uros_ws/build/micro_ros_setup': CMAKE_PREFIX_PATH=${CMAKE_PREFIX_PATH}:/opt/ros/humble /usr/bin/cmake --install /ros2_ws/uros_ws/build/micro_ros_setup
[3.416s] Level 1:colcon.colcon_core.environment:create_environment_scripts_only(micro_ros_setup)
[3.433s] DEBUG:colcon.colcon_core.event_handler.log_command:Invoked command in '/ros2_ws/uros_ws/build/micro_ros_setup' returned '0': CMAKE_PREFIX_PATH=${CMAKE_PREFIX_PATH}:/opt/ros/humble /usr/bin/cmake --install /ros2_ws/uros_ws/build/micro_ros_setup
[3.437s] Level 1:colcon.colcon_core.environment:checking '/ros2_ws/uros_ws/install/micro_ros_setup' for CMake module files
[3.439s] Level 1:colcon.colcon_core.environment:checking '/ros2_ws/uros_ws/install/micro_ros_setup' for CMake config files
[3.441s] Level 1:colcon.colcon_core.shell:create_environment_hook('micro_ros_setup', 'cmake_prefix_path')
[3.442s] INFO:colcon.colcon_core.shell:Creating environment hook '/ros2_ws/uros_ws/install/micro_ros_setup/share/micro_ros_setup/hook/cmake_prefix_path.ps1'
[3.445s] INFO:colcon.colcon_core.shell:Creating environment descriptor '/ros2_ws/uros_ws/install/micro_ros_setup/share/micro_ros_setup/hook/cmake_prefix_path.dsv'
[3.446s] INFO:colcon.colcon_core.shell:Creating environment hook '/ros2_ws/uros_ws/install/micro_ros_setup/share/micro_ros_setup/hook/cmake_prefix_path.sh'
[3.450s] Level 1:colcon.colcon_core.environment:checking '/ros2_ws/uros_ws/install/micro_ros_setup/lib'
[3.450s] Level 1:colcon.colcon_core.environment:checking '/ros2_ws/uros_ws/install/micro_ros_setup/bin'
[3.451s] Level 1:colcon.colcon_core.environment:checking '/ros2_ws/uros_ws/install/micro_ros_setup/lib/pkgconfig/micro_ros_setup.pc'
[3.457s] Level 1:colcon.colcon_core.environment:checking '/ros2_ws/uros_ws/install/micro_ros_setup/lib/python3.10/site-packages'
[3.458s] Level 1:colcon.colcon_core.environment:checking '/ros2_ws/uros_ws/install/micro_ros_setup/bin'
[3.459s] INFO:colcon.colcon_core.shell:Creating package script '/ros2_ws/uros_ws/install/micro_ros_setup/share/micro_ros_setup/package.ps1'
[3.464s] INFO:colcon.colcon_core.shell:Creating package descriptor '/ros2_ws/uros_ws/install/micro_ros_setup/share/micro_ros_setup/package.dsv'
[3.467s] INFO:colcon.colcon_core.shell:Creating package script '/ros2_ws/uros_ws/install/micro_ros_setup/share/micro_ros_setup/package.sh'
[3.470s] INFO:colcon.colcon_core.shell:Creating package script '/ros2_ws/uros_ws/install/micro_ros_setup/share/micro_ros_setup/package.bash'
[3.473s] INFO:colcon.colcon_core.shell:Creating package script '/ros2_ws/uros_ws/install/micro_ros_setup/share/micro_ros_setup/package.zsh'
[3.476s] Level 1:colcon.colcon_core.environment:create_file_with_runtime_dependencies(/ros2_ws/uros_ws/install/micro_ros_setup/share/colcon-core/packages/micro_ros_setup)
[3.478s] Level 1:colcon.colcon_core.environment:create_environment_scripts_only(micro_ros_setup)
[3.479s] Level 1:colcon.colcon_core.environment:checking '/ros2_ws/uros_ws/install/micro_ros_setup' for CMake module files
[3.482s] Level 1:colcon.colcon_core.environment:checking '/ros2_ws/uros_ws/install/micro_ros_setup' for CMake config files
[3.484s] Level 1:colcon.colcon_core.shell:create_environment_hook('micro_ros_setup', 'cmake_prefix_path')
[3.485s] INFO:colcon.colcon_core.shell:Creating environment hook '/ros2_ws/uros_ws/install/micro_ros_setup/share/micro_ros_setup/hook/cmake_prefix_path.ps1'
[3.487s] INFO:colcon.colcon_core.shell:Creating environment descriptor '/ros2_ws/uros_ws/install/micro_ros_setup/share/micro_ros_setup/hook/cmake_prefix_path.dsv'
[3.488s] INFO:colcon.colcon_core.shell:Creating environment hook '/ros2_ws/uros_ws/install/micro_ros_setup/share/micro_ros_setup/hook/cmake_prefix_path.sh'
[3.491s] Level 1:colcon.colcon_core.environment:checking '/ros2_ws/uros_ws/install/micro_ros_setup/lib'
[3.491s] Level 1:colcon.colcon_core.environment:checking '/ros2_ws/uros_ws/install/micro_ros_setup/bin'
[3.491s] Level 1:colcon.colcon_core.environment:checking '/ros2_ws/uros_ws/install/micro_ros_setup/lib/pkgconfig/micro_ros_setup.pc'
[3.492s] Level 1:colcon.colcon_core.environment:checking '/ros2_ws/uros_ws/install/micro_ros_setup/lib/python3.10/site-packages'
[3.493s] Level 1:colcon.colcon_core.environment:checking '/ros2_ws/uros_ws/install/micro_ros_setup/bin'
[3.495s] INFO:colcon.colcon_core.shell:Creating package script '/ros2_ws/uros_ws/install/micro_ros_setup/share/micro_ros_setup/package.ps1'
[3.497s] INFO:colcon.colcon_core.shell:Creating package descriptor '/ros2_ws/uros_ws/install/micro_ros_setup/share/micro_ros_setup/package.dsv'
[3.500s] INFO:colcon.colcon_core.shell:Creating package script '/ros2_ws/uros_ws/install/micro_ros_setup/share/micro_ros_setup/package.sh'
[3.501s] INFO:colcon.colcon_core.shell:Creating package script '/ros2_ws/uros_ws/install/micro_ros_setup/share/micro_ros_setup/package.bash'
[3.503s] INFO:colcon.colcon_core.shell:Creating package script '/ros2_ws/uros_ws/install/micro_ros_setup/share/micro_ros_setup/package.zsh'
[3.505s] Level 1:colcon.colcon_core.environment:create_file_with_runtime_dependencies(/ros2_ws/uros_ws/install/micro_ros_setup/share/colcon-core/packages/micro_ros_setup)
[3.507s] DEBUG:colcon.colcon_parallel_executor.executor.parallel:closing loop
[3.508s] DEBUG:colcon.colcon_parallel_executor.executor.parallel:loop closed
[3.508s] DEBUG:colcon.colcon_parallel_executor.executor.parallel:run_until_complete finished with '0'
[3.509s] DEBUG:colcon.colcon_core.event_reactor:joining thread
[3.526s] INFO:colcon.colcon_core.plugin_system:Skipping extension 'colcon_notification.desktop_notification.notify_send': Could not find 'notify-send'
[3.527s] INFO:colcon.colcon_core.plugin_system:Skipping extension 'colcon_notification.desktop_notification.terminal_notifier': Not used on non-Darwin systems
[3.527s] INFO:colcon.colcon_core.plugin_system:Skipping extension 'colcon_notification.desktop_notification.win32': Not used on non-Windows systems
[3.527s] INFO:colcon.colcon_notification.desktop_notification:Sending desktop notification using 'notify2'
[3.527s] DEBUG:colcon.colcon_notification.desktop_notification.notify2:Failed to initialize notify2: org.freedesktop.DBus.Error.NotSupported: Unable to autolaunch a dbus-daemon without a $DISPLAY for X11
[3.528s] DEBUG:colcon.colcon_core.event_reactor:joined thread
[3.529s] INFO:colcon.colcon_core.shell:Creating prefix script '/ros2_ws/uros_ws/install/local_setup.ps1'
[3.532s] INFO:colcon.colcon_core.shell:Creating prefix util module '/ros2_ws/uros_ws/install/_local_setup_util_ps1.py'
[3.538s] INFO:colcon.colcon_core.shell:Creating prefix chain script '/ros2_ws/uros_ws/install/setup.ps1'
[3.542s] INFO:colcon.colcon_core.shell:Creating prefix script '/ros2_ws/uros_ws/install/local_setup.sh'
[3.545s] INFO:colcon.colcon_core.shell:Creating prefix util module '/ros2_ws/uros_ws/install/_local_setup_util_sh.py'
[3.547s] INFO:colcon.colcon_core.shell:Creating prefix chain script '/ros2_ws/uros_ws/install/setup.sh'
[3.551s] INFO:colcon.colcon_core.shell:Creating prefix script '/ros2_ws/uros_ws/install/local_setup.bash'
[3.553s] INFO:colcon.colcon_core.shell:Creating prefix chain script '/ros2_ws/uros_ws/install/setup.bash'
[3.557s] INFO:colcon.colcon_core.shell:Creating prefix script '/ros2_ws/uros_ws/install/local_setup.zsh'
[3.559s] INFO:colcon.colcon_core.shell:Creating prefix chain script '/ros2_ws/uros_ws/install/setup.zsh'
