[0.460s] DEBUG:colcon:Command line arguments: ['/usr/bin/colcon', 'build', '--packages-up-to', 'micro_ros_agent', '--cmake-args', '-DUAGENT_BUILD_EXECUTABLE=OFF', '-DUAGENT_P2P_PROFILE=OFF', '--no-warn-unused-cli']
[0.460s] DEBUG:colcon:Parsed command line arguments: Namespace(log_base=None, log_level=None, verb_name='build', build_base='build', install_base='install', merge_install=False, symlink_install=False, test_result_base=None, continue_on_error=False, executor='parallel', parallel_workers=4, event_handlers=None, ignore_user_meta=False, metas=['./colcon.meta'], base_paths=['.'], packages_ignore=None, packages_ignore_regex=None, paths=None, packages_up_to=['micro_ros_agent'], packages_up_to_regex=None, packages_above=None, packages_above_and_dependencies=None, packages_above_depth=None, packages_select_by_dep=None, packages_skip_by_dep=None, packages_skip_up_to=None, packages_select_build_failed=False, packages_skip_build_finished=False, packages_select_test_failures=False, packages_skip_test_passed=False, packages_select=None, packages_skip=None, packages_select_regex=None, packages_skip_regex=None, packages_start=None, packages_end=None, cmake_args=['-DUAGENT_BUILD_EXECUTABLE=OFF', '-DUAGENT_P2P_PROFILE=OFF', '--no-warn-unused-cli'], cmake_target=None, cmake_target_skip_unavailable=False, cmake_clean_cache=False, cmake_clean_first=False, cmake_force_configure=False, ament_cmake_args=None, catkin_cmake_args=None, catkin_skip_building_tests=False, mixin_files=None, mixin=None, verb_parser=<colcon_mixin.mixin.mixin_argument.MixinArgumentDecorator object at 0x7fb8b61e40>, verb_extension=<colcon_core.verb.build.BuildVerb object at 0x7fb8b61510>, main=<bound method BuildVerb.main of <colcon_core.verb.build.BuildVerb object at 0x7fb8b61510>>, mixin_verb=('build',))
[0.917s] Level 1:colcon.colcon_core.package_discovery:discover_packages(colcon_meta) check parameters
[0.920s] INFO:colcon.colcon_metadata.package_discovery.colcon_meta:Using configuration from '/root/.colcon/metadata/default/Gazebo.meta'
[0.922s] INFO:colcon.colcon_metadata.package_discovery.colcon_meta:Using configuration from '/root/.colcon/metadata/default/fastdds.meta'
[0.924s] INFO:colcon.colcon_metadata.package_discovery.colcon_meta:Using configuration from '/root/.colcon/metadata/default/fastrtps.meta'
[0.924s] Level 1:colcon.colcon_core.package_discovery:discover_packages(recursive) check parameters
[0.924s] Level 1:colcon.colcon_core.package_discovery:discover_packages(ignore) check parameters
[0.925s] Level 1:colcon.colcon_core.package_discovery:discover_packages(path) check parameters
[0.925s] Level 1:colcon.colcon_core.package_discovery:discover_packages(colcon_meta) discover
[0.925s] Level 1:colcon.colcon_core.package_discovery:discover_packages(recursive) discover
[0.925s] INFO:colcon.colcon_core.package_discovery:Crawling recursively for packages in '/ros2_ws/uros_ws'
[0.925s] Level 1:colcon.colcon_core.package_identification:_identify(.) by extensions ['ignore', 'ignore_ament_install']
[0.926s] Level 1:colcon.colcon_core.package_identification:_identify(.) by extension 'ignore'
[0.926s] Level 1:colcon.colcon_core.package_identification:_identify(.) by extension 'ignore_ament_install'
[0.926s] Level 1:colcon.colcon_core.package_identification:_identify(.) by extensions ['colcon_pkg']
[0.926s] Level 1:colcon.colcon_core.package_identification:_identify(.) by extension 'colcon_pkg'
[0.927s] Level 1:colcon.colcon_core.package_identification:_identify(.) by extensions ['colcon_meta']
[0.927s] Level 1:colcon.colcon_core.package_identification:_identify(.) by extension 'colcon_meta'
[0.927s] Level 1:colcon.colcon_core.package_identification:_identify(.) by extensions ['ros']
[0.927s] Level 1:colcon.colcon_core.package_identification:_identify(.) by extension 'ros'
[0.971s] Level 1:colcon.colcon_core.package_identification:_identify(.) by extensions ['cmake', 'python']
[0.972s] Level 1:colcon.colcon_core.package_identification:_identify(.) by extension 'cmake'
[0.972s] Level 1:colcon.colcon_core.package_identification:_identify(.) by extension 'python'
[0.972s] Level 1:colcon.colcon_core.package_identification:_identify(.) by extensions ['python_setup_py']
[0.972s] Level 1:colcon.colcon_core.package_identification:_identify(.) by extension 'python_setup_py'
[0.973s] Level 1:colcon.colcon_core.package_identification:_identify(build) by extensions ['ignore', 'ignore_ament_install']
[0.973s] Level 1:colcon.colcon_core.package_identification:_identify(build) by extension 'ignore'
[0.973s] Level 1:colcon.colcon_core.package_identification:_identify(build) ignored
[0.974s] Level 1:colcon.colcon_core.package_identification:_identify(install) by extensions ['ignore', 'ignore_ament_install']
[0.974s] Level 1:colcon.colcon_core.package_identification:_identify(install) by extension 'ignore'
[0.974s] Level 1:colcon.colcon_core.package_identification:_identify(install) ignored
[0.974s] Level 1:colcon.colcon_core.package_identification:_identify(log) by extensions ['ignore', 'ignore_ament_install']
[0.975s] Level 1:colcon.colcon_core.package_identification:_identify(log) by extension 'ignore'
[0.975s] Level 1:colcon.colcon_core.package_identification:_identify(log) ignored
[0.975s] Level 1:colcon.colcon_core.package_identification:_identify(src) by extensions ['ignore', 'ignore_ament_install']
[0.975s] Level 1:colcon.colcon_core.package_identification:_identify(src) by extension 'ignore'
[0.976s] Level 1:colcon.colcon_core.package_identification:_identify(src) by extension 'ignore_ament_install'
[0.976s] Level 1:colcon.colcon_core.package_identification:_identify(src) by extensions ['colcon_pkg']
[0.976s] Level 1:colcon.colcon_core.package_identification:_identify(src) by extension 'colcon_pkg'
[0.976s] Level 1:colcon.colcon_core.package_identification:_identify(src) by extensions ['colcon_meta']
[0.976s] Level 1:colcon.colcon_core.package_identification:_identify(src) by extension 'colcon_meta'
[0.976s] Level 1:colcon.colcon_core.package_identification:_identify(src) by extensions ['ros']
[0.976s] Level 1:colcon.colcon_core.package_identification:_identify(src) by extension 'ros'
[0.977s] Level 1:colcon.colcon_core.package_identification:_identify(src) by extensions ['cmake', 'python']
[0.977s] Level 1:colcon.colcon_core.package_identification:_identify(src) by extension 'cmake'
[0.977s] Level 1:colcon.colcon_core.package_identification:_identify(src) by extension 'python'
[0.977s] Level 1:colcon.colcon_core.package_identification:_identify(src) by extensions ['python_setup_py']
[0.977s] Level 1:colcon.colcon_core.package_identification:_identify(src) by extension 'python_setup_py'
[0.978s] Level 1:colcon.colcon_core.package_identification:_identify(src/micro_ros_setup) by extensions ['ignore', 'ignore_ament_install']
[0.978s] Level 1:colcon.colcon_core.package_identification:_identify(src/micro_ros_setup) by extension 'ignore'
[0.978s] Level 1:colcon.colcon_core.package_identification:_identify(src/micro_ros_setup) by extension 'ignore_ament_install'
[0.978s] Level 1:colcon.colcon_core.package_identification:_identify(src/micro_ros_setup) by extensions ['colcon_pkg']
[0.978s] Level 1:colcon.colcon_core.package_identification:_identify(src/micro_ros_setup) by extension 'colcon_pkg'
[0.979s] Level 1:colcon.colcon_core.package_identification:_identify(src/micro_ros_setup) by extensions ['colcon_meta']
[0.979s] Level 1:colcon.colcon_core.package_identification:_identify(src/micro_ros_setup) by extension 'colcon_meta'
[0.979s] Level 1:colcon.colcon_core.package_identification:_identify(src/micro_ros_setup) by extensions ['ros']
[0.979s] Level 1:colcon.colcon_core.package_identification:_identify(src/micro_ros_setup) by extension 'ros'
[0.989s] DEBUG:colcon.colcon_core.package_identification:Package 'src/micro_ros_setup' with type 'ros.ament_cmake' and name 'micro_ros_setup'
[0.990s] Level 1:colcon.colcon_core.package_identification:_identify(src/uros) by extensions ['ignore', 'ignore_ament_install']
[0.990s] Level 1:colcon.colcon_core.package_identification:_identify(src/uros) by extension 'ignore'
[0.990s] Level 1:colcon.colcon_core.package_identification:_identify(src/uros) by extension 'ignore_ament_install'
[0.991s] Level 1:colcon.colcon_core.package_identification:_identify(src/uros) by extensions ['colcon_pkg']
[0.991s] Level 1:colcon.colcon_core.package_identification:_identify(src/uros) by extension 'colcon_pkg'
[0.991s] Level 1:colcon.colcon_core.package_identification:_identify(src/uros) by extensions ['colcon_meta']
[0.991s] Level 1:colcon.colcon_core.package_identification:_identify(src/uros) by extension 'colcon_meta'
[0.991s] Level 1:colcon.colcon_core.package_identification:_identify(src/uros) by extensions ['ros']
[0.991s] Level 1:colcon.colcon_core.package_identification:_identify(src/uros) by extension 'ros'
[0.992s] Level 1:colcon.colcon_core.package_identification:_identify(src/uros) by extensions ['cmake', 'python']
[0.992s] Level 1:colcon.colcon_core.package_identification:_identify(src/uros) by extension 'cmake'
[0.992s] Level 1:colcon.colcon_core.package_identification:_identify(src/uros) by extension 'python'
[0.992s] Level 1:colcon.colcon_core.package_identification:_identify(src/uros) by extensions ['python_setup_py']
[0.992s] Level 1:colcon.colcon_core.package_identification:_identify(src/uros) by extension 'python_setup_py'
[0.993s] Level 1:colcon.colcon_core.package_identification:_identify(src/uros/micro-ROS-Agent) by extensions ['ignore', 'ignore_ament_install']
[0.993s] Level 1:colcon.colcon_core.package_identification:_identify(src/uros/micro-ROS-Agent) by extension 'ignore'
[0.993s] Level 1:colcon.colcon_core.package_identification:_identify(src/uros/micro-ROS-Agent) by extension 'ignore_ament_install'
[0.994s] Level 1:colcon.colcon_core.package_identification:_identify(src/uros/micro-ROS-Agent) by extensions ['colcon_pkg']
[0.994s] Level 1:colcon.colcon_core.package_identification:_identify(src/uros/micro-ROS-Agent) by extension 'colcon_pkg'
[0.994s] Level 1:colcon.colcon_core.package_identification:_identify(src/uros/micro-ROS-Agent) by extensions ['colcon_meta']
[0.994s] Level 1:colcon.colcon_core.package_identification:_identify(src/uros/micro-ROS-Agent) by extension 'colcon_meta'
[0.994s] Level 1:colcon.colcon_core.package_identification:_identify(src/uros/micro-ROS-Agent) by extensions ['ros']
[0.994s] Level 1:colcon.colcon_core.package_identification:_identify(src/uros/micro-ROS-Agent) by extension 'ros'
[0.995s] Level 1:colcon.colcon_core.package_identification:_identify(src/uros/micro-ROS-Agent) by extensions ['cmake', 'python']
[0.995s] Level 1:colcon.colcon_core.package_identification:_identify(src/uros/micro-ROS-Agent) by extension 'cmake'
[0.995s] Level 1:colcon.colcon_core.package_identification:_identify(src/uros/micro-ROS-Agent) by extension 'python'
[0.995s] Level 1:colcon.colcon_core.package_identification:_identify(src/uros/micro-ROS-Agent) by extensions ['python_setup_py']
[0.995s] Level 1:colcon.colcon_core.package_identification:_identify(src/uros/micro-ROS-Agent) by extension 'python_setup_py'
[0.996s] Level 1:colcon.colcon_core.package_identification:_identify(src/uros/micro-ROS-Agent/micro_ros_agent) by extensions ['ignore', 'ignore_ament_install']
[0.996s] Level 1:colcon.colcon_core.package_identification:_identify(src/uros/micro-ROS-Agent/micro_ros_agent) by extension 'ignore'
[0.996s] Level 1:colcon.colcon_core.package_identification:_identify(src/uros/micro-ROS-Agent/micro_ros_agent) by extension 'ignore_ament_install'
[0.996s] Level 1:colcon.colcon_core.package_identification:_identify(src/uros/micro-ROS-Agent/micro_ros_agent) by extensions ['colcon_pkg']
[0.997s] Level 1:colcon.colcon_core.package_identification:_identify(src/uros/micro-ROS-Agent/micro_ros_agent) by extension 'colcon_pkg'
[0.997s] Level 1:colcon.colcon_core.package_identification:_identify(src/uros/micro-ROS-Agent/micro_ros_agent) by extensions ['colcon_meta']
[0.997s] Level 1:colcon.colcon_core.package_identification:_identify(src/uros/micro-ROS-Agent/micro_ros_agent) by extension 'colcon_meta'
[0.997s] Level 1:colcon.colcon_core.package_identification:_identify(src/uros/micro-ROS-Agent/micro_ros_agent) by extensions ['ros']
[0.997s] Level 1:colcon.colcon_core.package_identification:_identify(src/uros/micro-ROS-Agent/micro_ros_agent) by extension 'ros'
[1.001s] DEBUG:colcon.colcon_core.package_identification:Package 'src/uros/micro-ROS-Agent/micro_ros_agent' with type 'ros.ament_cmake' and name 'micro_ros_agent'
[1.001s] Level 1:colcon.colcon_core.package_identification:_identify(src/uros/micro-ROS-Agent/snap) by extensions ['ignore', 'ignore_ament_install']
[1.002s] Level 1:colcon.colcon_core.package_identification:_identify(src/uros/micro-ROS-Agent/snap) by extension 'ignore'
[1.002s] Level 1:colcon.colcon_core.package_identification:_identify(src/uros/micro-ROS-Agent/snap) by extension 'ignore_ament_install'
[1.002s] Level 1:colcon.colcon_core.package_identification:_identify(src/uros/micro-ROS-Agent/snap) by extensions ['colcon_pkg']
[1.002s] Level 1:colcon.colcon_core.package_identification:_identify(src/uros/micro-ROS-Agent/snap) by extension 'colcon_pkg'
[1.003s] Level 1:colcon.colcon_core.package_identification:_identify(src/uros/micro-ROS-Agent/snap) by extensions ['colcon_meta']
[1.003s] Level 1:colcon.colcon_core.package_identification:_identify(src/uros/micro-ROS-Agent/snap) by extension 'colcon_meta'
[1.003s] Level 1:colcon.colcon_core.package_identification:_identify(src/uros/micro-ROS-Agent/snap) by extensions ['ros']
[1.003s] Level 1:colcon.colcon_core.package_identification:_identify(src/uros/micro-ROS-Agent/snap) by extension 'ros'
[1.003s] Level 1:colcon.colcon_core.package_identification:_identify(src/uros/micro-ROS-Agent/snap) by extensions ['cmake', 'python']
[1.003s] Level 1:colcon.colcon_core.package_identification:_identify(src/uros/micro-ROS-Agent/snap) by extension 'cmake'
[1.004s] Level 1:colcon.colcon_core.package_identification:_identify(src/uros/micro-ROS-Agent/snap) by extension 'python'
[1.004s] Level 1:colcon.colcon_core.package_identification:_identify(src/uros/micro-ROS-Agent/snap) by extensions ['python_setup_py']
[1.004s] Level 1:colcon.colcon_core.package_identification:_identify(src/uros/micro-ROS-Agent/snap) by extension 'python_setup_py'
[1.004s] Level 1:colcon.colcon_core.package_identification:_identify(src/uros/micro-ROS-Agent/snap/hooks) by extensions ['ignore', 'ignore_ament_install']
[1.005s] Level 1:colcon.colcon_core.package_identification:_identify(src/uros/micro-ROS-Agent/snap/hooks) by extension 'ignore'
[1.005s] Level 1:colcon.colcon_core.package_identification:_identify(src/uros/micro-ROS-Agent/snap/hooks) by extension 'ignore_ament_install'
[1.005s] Level 1:colcon.colcon_core.package_identification:_identify(src/uros/micro-ROS-Agent/snap/hooks) by extensions ['colcon_pkg']
[1.005s] Level 1:colcon.colcon_core.package_identification:_identify(src/uros/micro-ROS-Agent/snap/hooks) by extension 'colcon_pkg'
[1.005s] Level 1:colcon.colcon_core.package_identification:_identify(src/uros/micro-ROS-Agent/snap/hooks) by extensions ['colcon_meta']
[1.005s] Level 1:colcon.colcon_core.package_identification:_identify(src/uros/micro-ROS-Agent/snap/hooks) by extension 'colcon_meta'
[1.006s] Level 1:colcon.colcon_core.package_identification:_identify(src/uros/micro-ROS-Agent/snap/hooks) by extensions ['ros']
[1.006s] Level 1:colcon.colcon_core.package_identification:_identify(src/uros/micro-ROS-Agent/snap/hooks) by extension 'ros'
[1.006s] Level 1:colcon.colcon_core.package_identification:_identify(src/uros/micro-ROS-Agent/snap/hooks) by extensions ['cmake', 'python']
[1.006s] Level 1:colcon.colcon_core.package_identification:_identify(src/uros/micro-ROS-Agent/snap/hooks) by extension 'cmake'
[1.006s] Level 1:colcon.colcon_core.package_identification:_identify(src/uros/micro-ROS-Agent/snap/hooks) by extension 'python'
[1.007s] Level 1:colcon.colcon_core.package_identification:_identify(src/uros/micro-ROS-Agent/snap/hooks) by extensions ['python_setup_py']
[1.007s] Level 1:colcon.colcon_core.package_identification:_identify(src/uros/micro-ROS-Agent/snap/hooks) by extension 'python_setup_py'
[1.007s] Level 1:colcon.colcon_core.package_identification:_identify(src/uros/micro-ROS-Agent/snap/local) by extensions ['ignore', 'ignore_ament_install']
[1.007s] Level 1:colcon.colcon_core.package_identification:_identify(src/uros/micro-ROS-Agent/snap/local) by extension 'ignore'
[1.008s] Level 1:colcon.colcon_core.package_identification:_identify(src/uros/micro-ROS-Agent/snap/local) by extension 'ignore_ament_install'
[1.008s] Level 1:colcon.colcon_core.package_identification:_identify(src/uros/micro-ROS-Agent/snap/local) by extensions ['colcon_pkg']
[1.008s] Level 1:colcon.colcon_core.package_identification:_identify(src/uros/micro-ROS-Agent/snap/local) by extension 'colcon_pkg'
[1.008s] Level 1:colcon.colcon_core.package_identification:_identify(src/uros/micro-ROS-Agent/snap/local) by extensions ['colcon_meta']
[1.008s] Level 1:colcon.colcon_core.package_identification:_identify(src/uros/micro-ROS-Agent/snap/local) by extension 'colcon_meta'
[1.009s] Level 1:colcon.colcon_core.package_identification:_identify(src/uros/micro-ROS-Agent/snap/local) by extensions ['ros']
[1.009s] Level 1:colcon.colcon_core.package_identification:_identify(src/uros/micro-ROS-Agent/snap/local) by extension 'ros'
[1.009s] Level 1:colcon.colcon_core.package_identification:_identify(src/uros/micro-ROS-Agent/snap/local) by extensions ['cmake', 'python']
[1.009s] Level 1:colcon.colcon_core.package_identification:_identify(src/uros/micro-ROS-Agent/snap/local) by extension 'cmake'
[1.009s] Level 1:colcon.colcon_core.package_identification:_identify(src/uros/micro-ROS-Agent/snap/local) by extension 'python'
[1.010s] Level 1:colcon.colcon_core.package_identification:_identify(src/uros/micro-ROS-Agent/snap/local) by extensions ['python_setup_py']
[1.010s] Level 1:colcon.colcon_core.package_identification:_identify(src/uros/micro-ROS-Agent/snap/local) by extension 'python_setup_py'
[1.010s] Level 1:colcon.colcon_core.package_identification:_identify(src/uros/micro_ros_msgs) by extensions ['ignore', 'ignore_ament_install']
[1.010s] Level 1:colcon.colcon_core.package_identification:_identify(src/uros/micro_ros_msgs) by extension 'ignore'
[1.011s] Level 1:colcon.colcon_core.package_identification:_identify(src/uros/micro_ros_msgs) by extension 'ignore_ament_install'
[1.011s] Level 1:colcon.colcon_core.package_identification:_identify(src/uros/micro_ros_msgs) by extensions ['colcon_pkg']
[1.011s] Level 1:colcon.colcon_core.package_identification:_identify(src/uros/micro_ros_msgs) by extension 'colcon_pkg'
[1.011s] Level 1:colcon.colcon_core.package_identification:_identify(src/uros/micro_ros_msgs) by extensions ['colcon_meta']
[1.011s] Level 1:colcon.colcon_core.package_identification:_identify(src/uros/micro_ros_msgs) by extension 'colcon_meta'
[1.011s] Level 1:colcon.colcon_core.package_identification:_identify(src/uros/micro_ros_msgs) by extensions ['ros']
[1.012s] Level 1:colcon.colcon_core.package_identification:_identify(src/uros/micro_ros_msgs) by extension 'ros'
[1.014s] DEBUG:colcon.colcon_core.package_identification:Package 'src/uros/micro_ros_msgs' with type 'ros.ament_cmake' and name 'micro_ros_msgs'
[1.014s] Level 1:colcon.colcon_core.package_discovery:discover_packages(recursive) using defaults
[1.014s] Level 1:colcon.colcon_core.package_discovery:discover_packages(ignore) discover
[1.014s] Level 1:colcon.colcon_core.package_discovery:discover_packages(ignore) using defaults
[1.014s] Level 1:colcon.colcon_core.package_discovery:discover_packages(path) discover
[1.014s] Level 1:colcon.colcon_core.package_discovery:discover_packages(path) using defaults
[1.094s] INFO:colcon.colcon_core.package_selection:Skipping package 'micro_ros_setup' in 'src/micro_ros_setup'
[1.095s] Level 5:colcon.colcon_core.verb:set package 'micro_ros_msgs' build argument 'cmake_args' from command line to '['-DUAGENT_BUILD_EXECUTABLE=OFF', '-DUAGENT_P2P_PROFILE=OFF', '--no-warn-unused-cli']'
[1.096s] Level 5:colcon.colcon_core.verb:set package 'micro_ros_msgs' build argument 'cmake_target' from command line to 'None'
[1.096s] Level 5:colcon.colcon_core.verb:set package 'micro_ros_msgs' build argument 'cmake_target_skip_unavailable' from command line to 'False'
[1.096s] Level 5:colcon.colcon_core.verb:set package 'micro_ros_msgs' build argument 'cmake_clean_cache' from command line to 'False'
[1.096s] Level 5:colcon.colcon_core.verb:set package 'micro_ros_msgs' build argument 'cmake_clean_first' from command line to 'False'
[1.096s] Level 5:colcon.colcon_core.verb:set package 'micro_ros_msgs' build argument 'cmake_force_configure' from command line to 'False'
[1.096s] Level 5:colcon.colcon_core.verb:set package 'micro_ros_msgs' build argument 'ament_cmake_args' from command line to 'None'
[1.096s] Level 5:colcon.colcon_core.verb:set package 'micro_ros_msgs' build argument 'catkin_cmake_args' from command line to 'None'
[1.096s] Level 5:colcon.colcon_core.verb:set package 'micro_ros_msgs' build argument 'catkin_skip_building_tests' from command line to 'False'
[1.096s] DEBUG:colcon.colcon_core.verb:Building package 'micro_ros_msgs' with the following arguments: {'ament_cmake_args': None, 'build_base': '/ros2_ws/uros_ws/build/micro_ros_msgs', 'catkin_cmake_args': None, 'catkin_skip_building_tests': False, 'cmake_args': ['-DUAGENT_BUILD_EXECUTABLE=OFF', '-DUAGENT_P2P_PROFILE=OFF', '--no-warn-unused-cli'], 'cmake_clean_cache': False, 'cmake_clean_first': False, 'cmake_force_configure': False, 'cmake_target': None, 'cmake_target_skip_unavailable': False, 'install_base': '/ros2_ws/uros_ws/install/micro_ros_msgs', 'merge_install': False, 'path': '/ros2_ws/uros_ws/src/uros/micro_ros_msgs', 'symlink_install': False, 'test_result_base': None}
[1.098s] Level 5:colcon.colcon_core.verb:set package 'micro_ros_agent' build argument 'cmake_args' from command line to '['-DUAGENT_BUILD_EXECUTABLE=OFF', '-DUAGENT_P2P_PROFILE=OFF', '--no-warn-unused-cli']'
[1.098s] Level 5:colcon.colcon_core.verb:set package 'micro_ros_agent' build argument 'cmake_target' from command line to 'None'
[1.098s] Level 5:colcon.colcon_core.verb:set package 'micro_ros_agent' build argument 'cmake_target_skip_unavailable' from command line to 'False'
[1.098s] Level 5:colcon.colcon_core.verb:set package 'micro_ros_agent' build argument 'cmake_clean_cache' from command line to 'False'
[1.099s] Level 5:colcon.colcon_core.verb:set package 'micro_ros_agent' build argument 'cmake_clean_first' from command line to 'False'
[1.099s] Level 5:colcon.colcon_core.verb:set package 'micro_ros_agent' build argument 'cmake_force_configure' from command line to 'False'
[1.099s] Level 5:colcon.colcon_core.verb:set package 'micro_ros_agent' build argument 'ament_cmake_args' from command line to 'None'
[1.099s] Level 5:colcon.colcon_core.verb:set package 'micro_ros_agent' build argument 'catkin_cmake_args' from command line to 'None'
[1.099s] Level 5:colcon.colcon_core.verb:set package 'micro_ros_agent' build argument 'catkin_skip_building_tests' from command line to 'False'
[1.099s] DEBUG:colcon.colcon_core.verb:Building package 'micro_ros_agent' with the following arguments: {'ament_cmake_args': None, 'build_base': '/ros2_ws/uros_ws/build/micro_ros_agent', 'catkin_cmake_args': None, 'catkin_skip_building_tests': False, 'cmake_args': ['-DUAGENT_BUILD_EXECUTABLE=OFF', '-DUAGENT_P2P_PROFILE=OFF', '--no-warn-unused-cli'], 'cmake_clean_cache': False, 'cmake_clean_first': False, 'cmake_force_configure': False, 'cmake_target': None, 'cmake_target_skip_unavailable': False, 'install_base': '/ros2_ws/uros_ws/install/micro_ros_agent', 'merge_install': False, 'path': '/ros2_ws/uros_ws/src/uros/micro-ROS-Agent/micro_ros_agent', 'symlink_install': False, 'test_result_base': None}
[1.100s] INFO:colcon.colcon_core.executor:Executing jobs using 'parallel' executor
[1.103s] DEBUG:colcon.colcon_parallel_executor.executor.parallel:run_until_complete
[1.104s] INFO:colcon.colcon_ros.task.ament_cmake.build:Building ROS package in '/ros2_ws/uros_ws/src/uros/micro_ros_msgs' with build type 'ament_cmake'
[1.105s] INFO:colcon.colcon_cmake.task.cmake.build:Building CMake package in '/ros2_ws/uros_ws/src/uros/micro_ros_msgs'
[1.114s] INFO:colcon.colcon_core.plugin_system:Skipping extension 'colcon_core.shell.bat': Not used on non-Windows systems
[1.115s] INFO:colcon.colcon_core.shell:Skip shell extension 'powershell' for command environment: Not usable outside of PowerShell
[1.115s] DEBUG:colcon.colcon_core.shell:Skip shell extension 'dsv' for command environment
[1.119s] WARNING:colcon.colcon_core.prefix_path.colcon:The path '/ros2_ws/install' in the environment variable COLCON_PREFIX_PATH doesn't exist
[1.120s] WARNING:colcon.colcon_ros.prefix_path.ament:The path '/ros2_ws/install/micro_ros_setup' in the environment variable AMENT_PREFIX_PATH doesn't exist
[1.120s] WARNING:colcon.colcon_ros.prefix_path.catkin:The path '/ros2_ws/install/micro_ros_setup' in the environment variable CMAKE_PREFIX_PATH doesn't exist
[1.147s] DEBUG:colcon.colcon_core.event_handler.log_command:Invoking command in '/ros2_ws/uros_ws/build/micro_ros_msgs': CMAKE_PREFIX_PATH=${CMAKE_PREFIX_PATH}:/opt/ros/humble /usr/bin/cmake /ros2_ws/uros_ws/src/uros/micro_ros_msgs -DUAGENT_BUILD_EXECUTABLE=OFF -DUAGENT_P2P_PROFILE=OFF --no-warn-unused-cli -DCMAKE_INSTALL_PREFIX=/ros2_ws/uros_ws/install/micro_ros_msgs
[6.075s] DEBUG:colcon.colcon_core.event_handler.log_command:Invoked command in '/ros2_ws/uros_ws/build/micro_ros_msgs' returned '0': CMAKE_PREFIX_PATH=${CMAKE_PREFIX_PATH}:/opt/ros/humble /usr/bin/cmake /ros2_ws/uros_ws/src/uros/micro_ros_msgs -DUAGENT_BUILD_EXECUTABLE=OFF -DUAGENT_P2P_PROFILE=OFF --no-warn-unused-cli -DCMAKE_INSTALL_PREFIX=/ros2_ws/uros_ws/install/micro_ros_msgs
[6.081s] DEBUG:colcon.colcon_core.event_handler.log_command:Invoking command in '/ros2_ws/uros_ws/build/micro_ros_msgs': CMAKE_PREFIX_PATH=${CMAKE_PREFIX_PATH}:/opt/ros/humble /usr/bin/cmake --build /ros2_ws/uros_ws/build/micro_ros_msgs -- -j4 -l4
[23.251s] DEBUG:colcon.colcon_core.event_handler.log_command:Invoked command in '/ros2_ws/uros_ws/build/micro_ros_msgs' returned '0': CMAKE_PREFIX_PATH=${CMAKE_PREFIX_PATH}:/opt/ros/humble /usr/bin/cmake --build /ros2_ws/uros_ws/build/micro_ros_msgs -- -j4 -l4
[23.280s] DEBUG:colcon.colcon_core.event_handler.log_command:Invoking command in '/ros2_ws/uros_ws/build/micro_ros_msgs': CMAKE_PREFIX_PATH=${CMAKE_PREFIX_PATH}:/opt/ros/humble /usr/bin/cmake --install /ros2_ws/uros_ws/build/micro_ros_msgs
[23.544s] Level 1:colcon.colcon_core.environment:create_environment_scripts_only(micro_ros_msgs)
[23.545s] DEBUG:colcon.colcon_core.event_handler.log_command:Invoked command in '/ros2_ws/uros_ws/build/micro_ros_msgs' returned '0': CMAKE_PREFIX_PATH=${CMAKE_PREFIX_PATH}:/opt/ros/humble /usr/bin/cmake --install /ros2_ws/uros_ws/build/micro_ros_msgs
[23.553s] Level 1:colcon.colcon_core.environment:checking '/ros2_ws/uros_ws/install/micro_ros_msgs' for CMake module files
[23.556s] Level 1:colcon.colcon_core.environment:checking '/ros2_ws/uros_ws/install/micro_ros_msgs' for CMake config files
[23.558s] Level 1:colcon.colcon_core.shell:create_environment_hook('micro_ros_msgs', 'cmake_prefix_path')
[23.559s] INFO:colcon.colcon_core.shell:Creating environment hook '/ros2_ws/uros_ws/install/micro_ros_msgs/share/micro_ros_msgs/hook/cmake_prefix_path.ps1'
[23.561s] INFO:colcon.colcon_core.shell:Creating environment descriptor '/ros2_ws/uros_ws/install/micro_ros_msgs/share/micro_ros_msgs/hook/cmake_prefix_path.dsv'
[23.563s] INFO:colcon.colcon_core.shell:Creating environment hook '/ros2_ws/uros_ws/install/micro_ros_msgs/share/micro_ros_msgs/hook/cmake_prefix_path.sh'
[23.567s] Level 1:colcon.colcon_core.environment:checking '/ros2_ws/uros_ws/install/micro_ros_msgs/lib'
[23.568s] Level 1:colcon.colcon_core.shell:create_environment_hook('micro_ros_msgs', 'ld_library_path_lib')
[23.568s] INFO:colcon.colcon_core.shell:Creating environment hook '/ros2_ws/uros_ws/install/micro_ros_msgs/share/micro_ros_msgs/hook/ld_library_path_lib.ps1'
[23.570s] INFO:colcon.colcon_core.shell:Creating environment descriptor '/ros2_ws/uros_ws/install/micro_ros_msgs/share/micro_ros_msgs/hook/ld_library_path_lib.dsv'
[23.571s] INFO:colcon.colcon_core.shell:Creating environment hook '/ros2_ws/uros_ws/install/micro_ros_msgs/share/micro_ros_msgs/hook/ld_library_path_lib.sh'
[23.573s] Level 1:colcon.colcon_core.environment:checking '/ros2_ws/uros_ws/install/micro_ros_msgs/bin'
[23.573s] Level 1:colcon.colcon_core.environment:checking '/ros2_ws/uros_ws/install/micro_ros_msgs/lib/pkgconfig/micro_ros_msgs.pc'
[23.580s] Level 1:colcon.colcon_core.environment:checking '/ros2_ws/uros_ws/install/micro_ros_msgs/lib/python3.10/site-packages'
[23.581s] Level 1:colcon.colcon_core.environment:checking '/ros2_ws/uros_ws/install/micro_ros_msgs/bin'
[23.583s] INFO:colcon.colcon_core.shell:Creating package script '/ros2_ws/uros_ws/install/micro_ros_msgs/share/micro_ros_msgs/package.ps1'
[23.587s] INFO:colcon.colcon_core.shell:Creating package descriptor '/ros2_ws/uros_ws/install/micro_ros_msgs/share/micro_ros_msgs/package.dsv'
[23.590s] INFO:colcon.colcon_core.shell:Creating package script '/ros2_ws/uros_ws/install/micro_ros_msgs/share/micro_ros_msgs/package.sh'
[23.594s] INFO:colcon.colcon_core.shell:Creating package script '/ros2_ws/uros_ws/install/micro_ros_msgs/share/micro_ros_msgs/package.bash'
[23.597s] INFO:colcon.colcon_core.shell:Creating package script '/ros2_ws/uros_ws/install/micro_ros_msgs/share/micro_ros_msgs/package.zsh'
[23.600s] Level 1:colcon.colcon_core.environment:create_file_with_runtime_dependencies(/ros2_ws/uros_ws/install/micro_ros_msgs/share/colcon-core/packages/micro_ros_msgs)
[23.602s] Level 1:colcon.colcon_core.environment:create_environment_scripts_only(micro_ros_msgs)
[23.603s] Level 1:colcon.colcon_core.environment:checking '/ros2_ws/uros_ws/install/micro_ros_msgs' for CMake module files
[23.606s] Level 1:colcon.colcon_core.environment:checking '/ros2_ws/uros_ws/install/micro_ros_msgs' for CMake config files
[23.608s] Level 1:colcon.colcon_core.shell:create_environment_hook('micro_ros_msgs', 'cmake_prefix_path')
[23.609s] INFO:colcon.colcon_core.shell:Creating environment hook '/ros2_ws/uros_ws/install/micro_ros_msgs/share/micro_ros_msgs/hook/cmake_prefix_path.ps1'
[23.611s] INFO:colcon.colcon_core.shell:Creating environment descriptor '/ros2_ws/uros_ws/install/micro_ros_msgs/share/micro_ros_msgs/hook/cmake_prefix_path.dsv'
[23.612s] INFO:colcon.colcon_core.shell:Creating environment hook '/ros2_ws/uros_ws/install/micro_ros_msgs/share/micro_ros_msgs/hook/cmake_prefix_path.sh'
[23.615s] Level 1:colcon.colcon_core.environment:checking '/ros2_ws/uros_ws/install/micro_ros_msgs/lib'
[23.615s] Level 1:colcon.colcon_core.shell:create_environment_hook('micro_ros_msgs', 'ld_library_path_lib')
[23.616s] INFO:colcon.colcon_core.shell:Creating environment hook '/ros2_ws/uros_ws/install/micro_ros_msgs/share/micro_ros_msgs/hook/ld_library_path_lib.ps1'
[23.618s] INFO:colcon.colcon_core.shell:Creating environment descriptor '/ros2_ws/uros_ws/install/micro_ros_msgs/share/micro_ros_msgs/hook/ld_library_path_lib.dsv'
[23.620s] INFO:colcon.colcon_core.shell:Creating environment hook '/ros2_ws/uros_ws/install/micro_ros_msgs/share/micro_ros_msgs/hook/ld_library_path_lib.sh'
[23.621s] Level 1:colcon.colcon_core.environment:checking '/ros2_ws/uros_ws/install/micro_ros_msgs/bin'
[23.622s] Level 1:colcon.colcon_core.environment:checking '/ros2_ws/uros_ws/install/micro_ros_msgs/lib/pkgconfig/micro_ros_msgs.pc'
[23.623s] Level 1:colcon.colcon_core.environment:checking '/ros2_ws/uros_ws/install/micro_ros_msgs/lib/python3.10/site-packages'
[23.624s] Level 1:colcon.colcon_core.environment:checking '/ros2_ws/uros_ws/install/micro_ros_msgs/bin'
[23.625s] INFO:colcon.colcon_core.shell:Creating package script '/ros2_ws/uros_ws/install/micro_ros_msgs/share/micro_ros_msgs/package.ps1'
[23.629s] INFO:colcon.colcon_core.shell:Creating package descriptor '/ros2_ws/uros_ws/install/micro_ros_msgs/share/micro_ros_msgs/package.dsv'
[23.631s] INFO:colcon.colcon_core.shell:Creating package script '/ros2_ws/uros_ws/install/micro_ros_msgs/share/micro_ros_msgs/package.sh'
[23.633s] INFO:colcon.colcon_core.shell:Creating package script '/ros2_ws/uros_ws/install/micro_ros_msgs/share/micro_ros_msgs/package.bash'
[23.635s] INFO:colcon.colcon_core.shell:Creating package script '/ros2_ws/uros_ws/install/micro_ros_msgs/share/micro_ros_msgs/package.zsh'
[23.637s] Level 1:colcon.colcon_core.environment:create_file_with_runtime_dependencies(/ros2_ws/uros_ws/install/micro_ros_msgs/share/colcon-core/packages/micro_ros_msgs)
[23.638s] INFO:colcon.colcon_ros.task.ament_cmake.build:Building ROS package in '/ros2_ws/uros_ws/src/uros/micro-ROS-Agent/micro_ros_agent' with build type 'ament_cmake'
[23.639s] INFO:colcon.colcon_cmake.task.cmake.build:Building CMake package in '/ros2_ws/uros_ws/src/uros/micro-ROS-Agent/micro_ros_agent'
[23.640s] INFO:colcon.colcon_core.shell:Skip shell extension 'powershell' for command environment: Not usable outside of PowerShell
[23.640s] DEBUG:colcon.colcon_core.shell:Skip shell extension 'dsv' for command environment
[23.670s] DEBUG:colcon.colcon_core.event_handler.log_command:Invoking command in '/ros2_ws/uros_ws/build/micro_ros_agent': AMENT_PREFIX_PATH=/ros2_ws/uros_ws/install/micro_ros_msgs:${AMENT_PREFIX_PATH} CMAKE_PREFIX_PATH=/ros2_ws/uros_ws/install/micro_ros_msgs:/ros2_ws/uros_ws/install/micro_ros_setup:/ros2_ws/install/micro_ros_setup:/opt/ros/humble LD_LIBRARY_PATH=/ros2_ws/uros_ws/install/micro_ros_msgs/lib:${LD_LIBRARY_PATH} PYTHONPATH=/ros2_ws/uros_ws/install/micro_ros_msgs/local/lib/python3.10/dist-packages:${PYTHONPATH} /usr/bin/cmake /ros2_ws/uros_ws/src/uros/micro-ROS-Agent/micro_ros_agent -DUAGENT_BUILD_EXECUTABLE=OFF -DUAGENT_P2P_PROFILE=OFF --no-warn-unused-cli -DCMAKE_INSTALL_PREFIX=/ros2_ws/uros_ws/install/micro_ros_agent
[24.742s] DEBUG:colcon.colcon_core.event_handler.log_command:Invoked command in '/ros2_ws/uros_ws/build/micro_ros_agent' returned '0': AMENT_PREFIX_PATH=/ros2_ws/uros_ws/install/micro_ros_msgs:${AMENT_PREFIX_PATH} CMAKE_PREFIX_PATH=/ros2_ws/uros_ws/install/micro_ros_msgs:/ros2_ws/uros_ws/install/micro_ros_setup:/ros2_ws/install/micro_ros_setup:/opt/ros/humble LD_LIBRARY_PATH=/ros2_ws/uros_ws/install/micro_ros_msgs/lib:${LD_LIBRARY_PATH} PYTHONPATH=/ros2_ws/uros_ws/install/micro_ros_msgs/local/lib/python3.10/dist-packages:${PYTHONPATH} /usr/bin/cmake /ros2_ws/uros_ws/src/uros/micro-ROS-Agent/micro_ros_agent -DUAGENT_BUILD_EXECUTABLE=OFF -DUAGENT_P2P_PROFILE=OFF --no-warn-unused-cli -DCMAKE_INSTALL_PREFIX=/ros2_ws/uros_ws/install/micro_ros_agent
[24.746s] DEBUG:colcon.colcon_core.event_handler.log_command:Invoking command in '/ros2_ws/uros_ws/build/micro_ros_agent': AMENT_PREFIX_PATH=/ros2_ws/uros_ws/install/micro_ros_msgs:${AMENT_PREFIX_PATH} CMAKE_PREFIX_PATH=/ros2_ws/uros_ws/install/micro_ros_msgs:/ros2_ws/uros_ws/install/micro_ros_setup:/ros2_ws/install/micro_ros_setup:/opt/ros/humble LD_LIBRARY_PATH=/ros2_ws/uros_ws/install/micro_ros_msgs/lib:${LD_LIBRARY_PATH} PYTHONPATH=/ros2_ws/uros_ws/install/micro_ros_msgs/local/lib/python3.10/dist-packages:${PYTHONPATH} /usr/bin/cmake --build /ros2_ws/uros_ws/build/micro_ros_agent -- -j4 -l4
[297.352s] DEBUG:colcon.colcon_core.event_handler.log_command:Invoked command in '/ros2_ws/uros_ws/build/micro_ros_agent' returned '0': AMENT_PREFIX_PATH=/ros2_ws/uros_ws/install/micro_ros_msgs:${AMENT_PREFIX_PATH} CMAKE_PREFIX_PATH=/ros2_ws/uros_ws/install/micro_ros_msgs:/ros2_ws/uros_ws/install/micro_ros_setup:/ros2_ws/install/micro_ros_setup:/opt/ros/humble LD_LIBRARY_PATH=/ros2_ws/uros_ws/install/micro_ros_msgs/lib:${LD_LIBRARY_PATH} PYTHONPATH=/ros2_ws/uros_ws/install/micro_ros_msgs/local/lib/python3.10/dist-packages:${PYTHONPATH} /usr/bin/cmake --build /ros2_ws/uros_ws/build/micro_ros_agent -- -j4 -l4
[297.356s] DEBUG:colcon.colcon_core.event_handler.log_command:Invoking command in '/ros2_ws/uros_ws/build/micro_ros_agent': AMENT_PREFIX_PATH=/ros2_ws/uros_ws/install/micro_ros_msgs:${AMENT_PREFIX_PATH} CMAKE_PREFIX_PATH=/ros2_ws/uros_ws/install/micro_ros_msgs:/ros2_ws/uros_ws/install/micro_ros_setup:/ros2_ws/install/micro_ros_setup:/opt/ros/humble LD_LIBRARY_PATH=/ros2_ws/uros_ws/install/micro_ros_msgs/lib:${LD_LIBRARY_PATH} PYTHONPATH=/ros2_ws/uros_ws/install/micro_ros_msgs/local/lib/python3.10/dist-packages:${PYTHONPATH} /usr/bin/cmake --install /ros2_ws/uros_ws/build/micro_ros_agent
[297.397s] Level 1:colcon.colcon_core.environment:create_environment_scripts_only(micro_ros_agent)
[297.398s] Level 1:colcon.colcon_core.environment:checking '/ros2_ws/uros_ws/install/micro_ros_agent' for CMake module files
[297.399s] DEBUG:colcon.colcon_core.event_handler.log_command:Invoked command in '/ros2_ws/uros_ws/build/micro_ros_agent' returned '0': AMENT_PREFIX_PATH=/ros2_ws/uros_ws/install/micro_ros_msgs:${AMENT_PREFIX_PATH} CMAKE_PREFIX_PATH=/ros2_ws/uros_ws/install/micro_ros_msgs:/ros2_ws/uros_ws/install/micro_ros_setup:/ros2_ws/install/micro_ros_setup:/opt/ros/humble LD_LIBRARY_PATH=/ros2_ws/uros_ws/install/micro_ros_msgs/lib:${LD_LIBRARY_PATH} PYTHONPATH=/ros2_ws/uros_ws/install/micro_ros_msgs/local/lib/python3.10/dist-packages:${PYTHONPATH} /usr/bin/cmake --install /ros2_ws/uros_ws/build/micro_ros_agent
[297.401s] Level 1:colcon.colcon_core.environment:checking '/ros2_ws/uros_ws/install/micro_ros_agent' for CMake config files
[297.404s] Level 1:colcon.colcon_core.shell:create_environment_hook('micro_ros_agent', 'cmake_prefix_path')
[297.405s] INFO:colcon.colcon_core.shell:Creating environment hook '/ros2_ws/uros_ws/install/micro_ros_agent/share/micro_ros_agent/hook/cmake_prefix_path.ps1'
[297.407s] INFO:colcon.colcon_core.shell:Creating environment descriptor '/ros2_ws/uros_ws/install/micro_ros_agent/share/micro_ros_agent/hook/cmake_prefix_path.dsv'
[297.409s] INFO:colcon.colcon_core.shell:Creating environment hook '/ros2_ws/uros_ws/install/micro_ros_agent/share/micro_ros_agent/hook/cmake_prefix_path.sh'
[297.411s] Level 1:colcon.colcon_core.environment:checking '/ros2_ws/uros_ws/install/micro_ros_agent/lib'
[297.411s] Level 1:colcon.colcon_core.shell:create_environment_hook('micro_ros_agent', 'ld_library_path_lib')
[297.412s] INFO:colcon.colcon_core.shell:Creating environment hook '/ros2_ws/uros_ws/install/micro_ros_agent/share/micro_ros_agent/hook/ld_library_path_lib.ps1'
[297.414s] INFO:colcon.colcon_core.shell:Creating environment descriptor '/ros2_ws/uros_ws/install/micro_ros_agent/share/micro_ros_agent/hook/ld_library_path_lib.dsv'
[297.415s] INFO:colcon.colcon_core.shell:Creating environment hook '/ros2_ws/uros_ws/install/micro_ros_agent/share/micro_ros_agent/hook/ld_library_path_lib.sh'
[297.416s] Level 1:colcon.colcon_core.environment:checking '/ros2_ws/uros_ws/install/micro_ros_agent/bin'
[297.417s] Level 1:colcon.colcon_core.environment:checking '/ros2_ws/uros_ws/install/micro_ros_agent/lib/pkgconfig/micro_ros_agent.pc'
[297.418s] Level 1:colcon.colcon_core.environment:checking '/ros2_ws/uros_ws/install/micro_ros_agent/lib/python3.10/site-packages'
[297.419s] Level 1:colcon.colcon_core.environment:checking '/ros2_ws/uros_ws/install/micro_ros_agent/bin'
[297.420s] INFO:colcon.colcon_core.shell:Creating package script '/ros2_ws/uros_ws/install/micro_ros_agent/share/micro_ros_agent/package.ps1'
[297.423s] INFO:colcon.colcon_core.shell:Creating package descriptor '/ros2_ws/uros_ws/install/micro_ros_agent/share/micro_ros_agent/package.dsv'
[297.425s] INFO:colcon.colcon_core.shell:Creating package script '/ros2_ws/uros_ws/install/micro_ros_agent/share/micro_ros_agent/package.sh'
[297.427s] INFO:colcon.colcon_core.shell:Creating package script '/ros2_ws/uros_ws/install/micro_ros_agent/share/micro_ros_agent/package.bash'
[297.428s] INFO:colcon.colcon_core.shell:Creating package script '/ros2_ws/uros_ws/install/micro_ros_agent/share/micro_ros_agent/package.zsh'
[297.430s] Level 1:colcon.colcon_core.environment:create_file_with_runtime_dependencies(/ros2_ws/uros_ws/install/micro_ros_agent/share/colcon-core/packages/micro_ros_agent)
[297.432s] Level 1:colcon.colcon_core.environment:create_environment_scripts_only(micro_ros_agent)
[297.433s] Level 1:colcon.colcon_core.environment:checking '/ros2_ws/uros_ws/install/micro_ros_agent' for CMake module files
[297.435s] Level 1:colcon.colcon_core.environment:checking '/ros2_ws/uros_ws/install/micro_ros_agent' for CMake config files
[297.438s] Level 1:colcon.colcon_core.shell:create_environment_hook('micro_ros_agent', 'cmake_prefix_path')
[297.439s] INFO:colcon.colcon_core.shell:Creating environment hook '/ros2_ws/uros_ws/install/micro_ros_agent/share/micro_ros_agent/hook/cmake_prefix_path.ps1'
[297.441s] INFO:colcon.colcon_core.shell:Creating environment descriptor '/ros2_ws/uros_ws/install/micro_ros_agent/share/micro_ros_agent/hook/cmake_prefix_path.dsv'
[297.442s] INFO:colcon.colcon_core.shell:Creating environment hook '/ros2_ws/uros_ws/install/micro_ros_agent/share/micro_ros_agent/hook/cmake_prefix_path.sh'
[297.445s] Level 1:colcon.colcon_core.environment:checking '/ros2_ws/uros_ws/install/micro_ros_agent/lib'
[297.445s] Level 1:colcon.colcon_core.shell:create_environment_hook('micro_ros_agent', 'ld_library_path_lib')
[297.446s] INFO:colcon.colcon_core.shell:Creating environment hook '/ros2_ws/uros_ws/install/micro_ros_agent/share/micro_ros_agent/hook/ld_library_path_lib.ps1'
[297.448s] INFO:colcon.colcon_core.shell:Creating environment descriptor '/ros2_ws/uros_ws/install/micro_ros_agent/share/micro_ros_agent/hook/ld_library_path_lib.dsv'
[297.450s] INFO:colcon.colcon_core.shell:Creating environment hook '/ros2_ws/uros_ws/install/micro_ros_agent/share/micro_ros_agent/hook/ld_library_path_lib.sh'
[297.452s] Level 1:colcon.colcon_core.environment:checking '/ros2_ws/uros_ws/install/micro_ros_agent/bin'
[297.452s] Level 1:colcon.colcon_core.environment:checking '/ros2_ws/uros_ws/install/micro_ros_agent/lib/pkgconfig/micro_ros_agent.pc'
[297.453s] Level 1:colcon.colcon_core.environment:checking '/ros2_ws/uros_ws/install/micro_ros_agent/lib/python3.10/site-packages'
[297.455s] Level 1:colcon.colcon_core.environment:checking '/ros2_ws/uros_ws/install/micro_ros_agent/bin'
[297.456s] INFO:colcon.colcon_core.shell:Creating package script '/ros2_ws/uros_ws/install/micro_ros_agent/share/micro_ros_agent/package.ps1'
[297.459s] INFO:colcon.colcon_core.shell:Creating package descriptor '/ros2_ws/uros_ws/install/micro_ros_agent/share/micro_ros_agent/package.dsv'
[297.462s] INFO:colcon.colcon_core.shell:Creating package script '/ros2_ws/uros_ws/install/micro_ros_agent/share/micro_ros_agent/package.sh'
[297.464s] INFO:colcon.colcon_core.shell:Creating package script '/ros2_ws/uros_ws/install/micro_ros_agent/share/micro_ros_agent/package.bash'
[297.466s] INFO:colcon.colcon_core.shell:Creating package script '/ros2_ws/uros_ws/install/micro_ros_agent/share/micro_ros_agent/package.zsh'
[297.468s] Level 1:colcon.colcon_core.environment:create_file_with_runtime_dependencies(/ros2_ws/uros_ws/install/micro_ros_agent/share/colcon-core/packages/micro_ros_agent)
[297.469s] DEBUG:colcon.colcon_parallel_executor.executor.parallel:closing loop
[297.470s] DEBUG:colcon.colcon_parallel_executor.executor.parallel:loop closed
[297.471s] DEBUG:colcon.colcon_parallel_executor.executor.parallel:run_until_complete finished with '0'
[297.472s] DEBUG:colcon.colcon_core.event_reactor:joining thread
[297.490s] INFO:colcon.colcon_core.plugin_system:Skipping extension 'colcon_notification.desktop_notification.notify_send': Could not find 'notify-send'
[297.490s] INFO:colcon.colcon_core.plugin_system:Skipping extension 'colcon_notification.desktop_notification.terminal_notifier': Not used on non-Darwin systems
[297.490s] INFO:colcon.colcon_core.plugin_system:Skipping extension 'colcon_notification.desktop_notification.win32': Not used on non-Windows systems
[297.490s] INFO:colcon.colcon_notification.desktop_notification:Sending desktop notification using 'notify2'
[297.491s] DEBUG:colcon.colcon_notification.desktop_notification.notify2:Failed to initialize notify2: org.freedesktop.DBus.Error.NotSupported: Unable to autolaunch a dbus-daemon without a $DISPLAY for X11
[297.491s] DEBUG:colcon.colcon_core.event_reactor:joined thread
[297.492s] INFO:colcon.colcon_core.shell:Creating prefix script '/ros2_ws/uros_ws/install/local_setup.ps1'
[297.496s] INFO:colcon.colcon_core.shell:Creating prefix util module '/ros2_ws/uros_ws/install/_local_setup_util_ps1.py'
[297.502s] INFO:colcon.colcon_core.shell:Creating prefix chain script '/ros2_ws/uros_ws/install/setup.ps1'
[297.506s] INFO:colcon.colcon_core.shell:Creating prefix script '/ros2_ws/uros_ws/install/local_setup.sh'
[297.509s] INFO:colcon.colcon_core.shell:Creating prefix util module '/ros2_ws/uros_ws/install/_local_setup_util_sh.py'
[297.512s] INFO:colcon.colcon_core.shell:Creating prefix chain script '/ros2_ws/uros_ws/install/setup.sh'
[297.516s] INFO:colcon.colcon_core.shell:Creating prefix script '/ros2_ws/uros_ws/install/local_setup.bash'
[297.519s] INFO:colcon.colcon_core.shell:Creating prefix chain script '/ros2_ws/uros_ws/install/setup.bash'
[297.523s] INFO:colcon.colcon_core.shell:Creating prefix script '/ros2_ws/uros_ws/install/local_setup.zsh'
[297.525s] INFO:colcon.colcon_core.shell:Creating prefix chain script '/ros2_ws/uros_ws/install/setup.zsh'
